Archive member included because of file (symbol)

g:/carear1/01_embadded/0_imt/usb/00-tools/03-imt sdk/03- imt sdk/imt_sdk_win_64/winavr/bin/../lib/gcc/avr/4.3.3/avr5\libgcc.a(_exit.o)
                              g:/carear1/01_embadded/0_imt/usb/00-tools/03-imt sdk/03- imt sdk/imt_sdk_win_64/winavr/bin/../lib/gcc/avr/4.3.3/../../../../avr/lib/avr5/crtm32.o (exit)
g:/carear1/01_embadded/0_imt/usb/00-tools/03-imt sdk/03- imt sdk/imt_sdk_win_64/winavr/bin/../lib/gcc/avr/4.3.3/avr5\libgcc.a(_copy_data.o)
                              ./02_HAL/LCD/LCD_Program.o (__do_copy_data)
g:/carear1/01_embadded/0_imt/usb/00-tools/03-imt sdk/03- imt sdk/imt_sdk_win_64/winavr/bin/../lib/gcc/avr/4.3.3/avr5\libgcc.a(_clear_bss.o)
                              ./03_MCAL/UART_Driver/UART_Program.o (__do_clear_bss)
g:/carear1/01_embadded/0_imt/usb/00-tools/03-imt sdk/03- imt sdk/imt_sdk_win_64/winavr/bin/../lib/gcc/avr/4.3.3/avr5\libgcc.a(_fixunssfsi.o)
                              ./02_HAL/LCD/LCD_Program.o (__fixunssfsi)
g:/carear1/01_embadded/0_imt/usb/00-tools/03-imt sdk/03- imt sdk/imt_sdk_win_64/winavr/bin/../lib/gcc/avr/4.3.3/avr5\libgcc.a(_addsub_sf.o)
                              g:/carear1/01_embadded/0_imt/usb/00-tools/03-imt sdk/03- imt sdk/imt_sdk_win_64/winavr/bin/../lib/gcc/avr/4.3.3/avr5\libgcc.a(_fixunssfsi.o) (__subsf3)
g:/carear1/01_embadded/0_imt/usb/00-tools/03-imt sdk/03- imt sdk/imt_sdk_win_64/winavr/bin/../lib/gcc/avr/4.3.3/avr5\libgcc.a(_mul_sf.o)
                              ./02_HAL/LCD/LCD_Program.o (__mulsf3)
g:/carear1/01_embadded/0_imt/usb/00-tools/03-imt sdk/03- imt sdk/imt_sdk_win_64/winavr/bin/../lib/gcc/avr/4.3.3/avr5\libgcc.a(_gt_sf.o)
                              ./02_HAL/LCD/LCD_Program.o (__gtsf2)
g:/carear1/01_embadded/0_imt/usb/00-tools/03-imt sdk/03- imt sdk/imt_sdk_win_64/winavr/bin/../lib/gcc/avr/4.3.3/avr5\libgcc.a(_ge_sf.o)
                              g:/carear1/01_embadded/0_imt/usb/00-tools/03-imt sdk/03- imt sdk/imt_sdk_win_64/winavr/bin/../lib/gcc/avr/4.3.3/avr5\libgcc.a(_fixunssfsi.o) (__gesf2)
g:/carear1/01_embadded/0_imt/usb/00-tools/03-imt sdk/03- imt sdk/imt_sdk_win_64/winavr/bin/../lib/gcc/avr/4.3.3/avr5\libgcc.a(_lt_sf.o)
                              ./02_HAL/LCD/LCD_Program.o (__ltsf2)
g:/carear1/01_embadded/0_imt/usb/00-tools/03-imt sdk/03- imt sdk/imt_sdk_win_64/winavr/bin/../lib/gcc/avr/4.3.3/avr5\libgcc.a(_sf_to_si.o)
                              g:/carear1/01_embadded/0_imt/usb/00-tools/03-imt sdk/03- imt sdk/imt_sdk_win_64/winavr/bin/../lib/gcc/avr/4.3.3/avr5\libgcc.a(_fixunssfsi.o) (__fixsfsi)
g:/carear1/01_embadded/0_imt/usb/00-tools/03-imt sdk/03- imt sdk/imt_sdk_win_64/winavr/bin/../lib/gcc/avr/4.3.3/avr5\libgcc.a(_thenan_sf.o)
                              g:/carear1/01_embadded/0_imt/usb/00-tools/03-imt sdk/03- imt sdk/imt_sdk_win_64/winavr/bin/../lib/gcc/avr/4.3.3/avr5\libgcc.a(_addsub_sf.o) (__thenan_sf)
g:/carear1/01_embadded/0_imt/usb/00-tools/03-imt sdk/03- imt sdk/imt_sdk_win_64/winavr/bin/../lib/gcc/avr/4.3.3/avr5\libgcc.a(_prologue.o)
                              g:/carear1/01_embadded/0_imt/usb/00-tools/03-imt sdk/03- imt sdk/imt_sdk_win_64/winavr/bin/../lib/gcc/avr/4.3.3/avr5\libgcc.a(_addsub_sf.o) (__prologue_saves__)
g:/carear1/01_embadded/0_imt/usb/00-tools/03-imt sdk/03- imt sdk/imt_sdk_win_64/winavr/bin/../lib/gcc/avr/4.3.3/avr5\libgcc.a(_epilogue.o)
                              g:/carear1/01_embadded/0_imt/usb/00-tools/03-imt sdk/03- imt sdk/imt_sdk_win_64/winavr/bin/../lib/gcc/avr/4.3.3/avr5\libgcc.a(_addsub_sf.o) (__epilogue_restores__)
g:/carear1/01_embadded/0_imt/usb/00-tools/03-imt sdk/03- imt sdk/imt_sdk_win_64/winavr/bin/../lib/gcc/avr/4.3.3/avr5\libgcc.a(_pack_sf.o)
                              g:/carear1/01_embadded/0_imt/usb/00-tools/03-imt sdk/03- imt sdk/imt_sdk_win_64/winavr/bin/../lib/gcc/avr/4.3.3/avr5\libgcc.a(_addsub_sf.o) (__pack_f)
g:/carear1/01_embadded/0_imt/usb/00-tools/03-imt sdk/03- imt sdk/imt_sdk_win_64/winavr/bin/../lib/gcc/avr/4.3.3/avr5\libgcc.a(_unpack_sf.o)
                              g:/carear1/01_embadded/0_imt/usb/00-tools/03-imt sdk/03- imt sdk/imt_sdk_win_64/winavr/bin/../lib/gcc/avr/4.3.3/avr5\libgcc.a(_addsub_sf.o) (__unpack_f)
g:/carear1/01_embadded/0_imt/usb/00-tools/03-imt sdk/03- imt sdk/imt_sdk_win_64/winavr/bin/../lib/gcc/avr/4.3.3/avr5\libgcc.a(_fpcmp_parts_sf.o)
                              g:/carear1/01_embadded/0_imt/usb/00-tools/03-imt sdk/03- imt sdk/imt_sdk_win_64/winavr/bin/../lib/gcc/avr/4.3.3/avr5\libgcc.a(_gt_sf.o) (__fpcmp_parts_f)

Memory Configuration

Name             Origin             Length             Attributes
text             0x00000000         0x00020000         xr
data             0x00800060         0x0000ffa0         rw !x
eeprom           0x00810000         0x00010000         rw !x
fuse             0x00820000         0x00000400         rw !x
lock             0x00830000         0x00000400         rw !x
signature        0x00840000         0x00000400         rw !x
*default*        0x00000000         0xffffffff

Linker script and memory map

LOAD g:/carear1/01_embadded/0_imt/usb/00-tools/03-imt sdk/03- imt sdk/imt_sdk_win_64/winavr/bin/../lib/gcc/avr/4.3.3/../../../../avr/lib/avr5/crtm32.o
LOAD ./03_MCAL/UART_Driver/UART_Program.o
LOAD ./03_MCAL/PORT_Driver/PORT_Program.o
LOAD ./03_MCAL/GIE_Driver/GIE_Program.o
LOAD ./03_MCAL/EXTI_Driver/EXTI_Program.o
LOAD ./03_MCAL/DIO_Driver/DIO_Program.o
LOAD ./02_HAL/LCD/LCD_Program.o
LOAD ./02_HAL/KeyPad/KPAD_Program.o
LOAD ./02_HAL/7Segment/H7SEG_Program.o
LOAD ./01_APP/main.o
LOAD g:/carear1/01_embadded/0_imt/usb/00-tools/03-imt sdk/03- imt sdk/imt_sdk_win_64/winavr/bin/../lib/gcc/avr/4.3.3/avr5\libgcc.a
LOAD g:/carear1/01_embadded/0_imt/usb/00-tools/03-imt sdk/03- imt sdk/imt_sdk_win_64/winavr/bin/../lib/gcc/avr/4.3.3/../../../../avr/lib/avr5\libc.a
LOAD g:/carear1/01_embadded/0_imt/usb/00-tools/03-imt sdk/03- imt sdk/imt_sdk_win_64/winavr/bin/../lib/gcc/avr/4.3.3/avr5\libgcc.a

.hash
 *(.hash)

.dynsym
 *(.dynsym)

.dynstr
 *(.dynstr)

.gnu.version
 *(.gnu.version)

.gnu.version_d
 *(.gnu.version_d)

.gnu.version_r
 *(.gnu.version_r)

.rel.init
 *(.rel.init)

.rela.init
 *(.rela.init)

.rel.text
 *(.rel.text)
 *(.rel.text.*)
 *(.rel.gnu.linkonce.t*)

.rela.text
 *(.rela.text)
 *(.rela.text.*)
 *(.rela.gnu.linkonce.t*)

.rel.fini
 *(.rel.fini)

.rela.fini
 *(.rela.fini)

.rel.rodata
 *(.rel.rodata)
 *(.rel.rodata.*)
 *(.rel.gnu.linkonce.r*)

.rela.rodata
 *(.rela.rodata)
 *(.rela.rodata.*)
 *(.rela.gnu.linkonce.r*)

.rel.data
 *(.rel.data)
 *(.rel.data.*)
 *(.rel.gnu.linkonce.d*)

.rela.data
 *(.rela.data)
 *(.rela.data.*)
 *(.rela.gnu.linkonce.d*)

.rel.ctors
 *(.rel.ctors)

.rela.ctors
 *(.rela.ctors)

.rel.dtors
 *(.rel.dtors)

.rela.dtors
 *(.rela.dtors)

.rel.got
 *(.rel.got)

.rela.got
 *(.rela.got)

.rel.bss
 *(.rel.bss)

.rela.bss
 *(.rela.bss)

.rel.plt
 *(.rel.plt)

.rela.plt
 *(.rela.plt)

.text           0x00000000     0x22a0
 *(.vectors)
 .vectors       0x00000000       0x54 g:/carear1/01_embadded/0_imt/usb/00-tools/03-imt sdk/03- imt sdk/imt_sdk_win_64/winavr/bin/../lib/gcc/avr/4.3.3/../../../../avr/lib/avr5/crtm32.o
                0x00000000                __vectors
                0x00000000                __vector_default
 *(.vectors)
 *(.progmem.gcc*)
 *(.progmem*)
                0x00000054                . = ALIGN (0x2)
                0x00000054                __trampolines_start = .
 *(.trampolines)
 .trampolines   0x00000054        0x0 linker stubs
 *(.trampolines*)
                0x00000054                __trampolines_end = .
 *(.jumptables)
 *(.jumptables*)
 *(.lowtext)
 *(.lowtext*)
                0x00000054                __ctors_start = .
 *(.ctors)
                0x00000054                __ctors_end = .
                0x00000054                __dtors_start = .
 *(.dtors)
                0x00000054                __dtors_end = .
 SORT(*)(.ctors)
 SORT(*)(.dtors)
 *(.init0)
 .init0         0x00000054        0x0 g:/carear1/01_embadded/0_imt/usb/00-tools/03-imt sdk/03- imt sdk/imt_sdk_win_64/winavr/bin/../lib/gcc/avr/4.3.3/../../../../avr/lib/avr5/crtm32.o
                0x00000054                __init
 *(.init0)
 *(.init1)
 *(.init1)
 *(.init2)
 .init2         0x00000054        0xc g:/carear1/01_embadded/0_imt/usb/00-tools/03-imt sdk/03- imt sdk/imt_sdk_win_64/winavr/bin/../lib/gcc/avr/4.3.3/../../../../avr/lib/avr5/crtm32.o
 *(.init2)
 *(.init3)
 *(.init3)
 *(.init4)
 .init4         0x00000060       0x16 g:/carear1/01_embadded/0_imt/usb/00-tools/03-imt sdk/03- imt sdk/imt_sdk_win_64/winavr/bin/../lib/gcc/avr/4.3.3/avr5\libgcc.a(_copy_data.o)
                0x00000060                __do_copy_data
 .init4         0x00000076       0x10 g:/carear1/01_embadded/0_imt/usb/00-tools/03-imt sdk/03- imt sdk/imt_sdk_win_64/winavr/bin/../lib/gcc/avr/4.3.3/avr5\libgcc.a(_clear_bss.o)
                0x00000076                __do_clear_bss
 *(.init4)
 *(.init5)
 *(.init5)
 *(.init6)
 *(.init6)
 *(.init7)
 *(.init7)
 *(.init8)
 *(.init8)
 *(.init9)
 .init9         0x00000086        0x8 g:/carear1/01_embadded/0_imt/usb/00-tools/03-imt sdk/03- imt sdk/imt_sdk_win_64/winavr/bin/../lib/gcc/avr/4.3.3/../../../../avr/lib/avr5/crtm32.o
 *(.init9)
 *(.text)
 .text          0x0000008e        0x4 g:/carear1/01_embadded/0_imt/usb/00-tools/03-imt sdk/03- imt sdk/imt_sdk_win_64/winavr/bin/../lib/gcc/avr/4.3.3/../../../../avr/lib/avr5/crtm32.o
                0x0000008e                __vector_12
                0x0000008e                __bad_interrupt
                0x0000008e                __vector_6
                0x0000008e                __vector_3
                0x0000008e                __vector_11
                0x0000008e                __vector_17
                0x0000008e                __vector_19
                0x0000008e                __vector_7
                0x0000008e                __vector_5
                0x0000008e                __vector_4
                0x0000008e                __vector_9
                0x0000008e                __vector_2
                0x0000008e                __vector_15
                0x0000008e                __vector_8
                0x0000008e                __vector_14
                0x0000008e                __vector_10
                0x0000008e                __vector_16
                0x0000008e                __vector_18
                0x0000008e                __vector_20
 .text          0x00000092        0x0 ./03_MCAL/UART_Driver/UART_Program.o
 .text          0x00000092        0x0 ./03_MCAL/PORT_Driver/PORT_Program.o
 .text          0x00000092        0x0 ./03_MCAL/GIE_Driver/GIE_Program.o
 .text          0x00000092        0x0 ./03_MCAL/EXTI_Driver/EXTI_Program.o
 .text          0x00000092        0x0 ./03_MCAL/DIO_Driver/DIO_Program.o
 .text          0x00000092        0x0 ./02_HAL/LCD/LCD_Program.o
 .text          0x00000092        0x0 ./02_HAL/KeyPad/KPAD_Program.o
 .text          0x00000092        0x0 ./02_HAL/7Segment/H7SEG_Program.o
 .text          0x00000092        0x0 ./01_APP/main.o
 .text          0x00000092        0x0 g:/carear1/01_embadded/0_imt/usb/00-tools/03-imt sdk/03- imt sdk/imt_sdk_win_64/winavr/bin/../lib/gcc/avr/4.3.3/avr5\libgcc.a(_exit.o)
 .text          0x00000092        0x0 g:/carear1/01_embadded/0_imt/usb/00-tools/03-imt sdk/03- imt sdk/imt_sdk_win_64/winavr/bin/../lib/gcc/avr/4.3.3/avr5\libgcc.a(_copy_data.o)
 .text          0x00000092        0x0 g:/carear1/01_embadded/0_imt/usb/00-tools/03-imt sdk/03- imt sdk/imt_sdk_win_64/winavr/bin/../lib/gcc/avr/4.3.3/avr5\libgcc.a(_clear_bss.o)
 .text          0x00000092       0x58 g:/carear1/01_embadded/0_imt/usb/00-tools/03-imt sdk/03- imt sdk/imt_sdk_win_64/winavr/bin/../lib/gcc/avr/4.3.3/avr5\libgcc.a(_fixunssfsi.o)
                0x00000092                __fixunssfsi
 .text          0x000000ea      0x354 g:/carear1/01_embadded/0_imt/usb/00-tools/03-imt sdk/03- imt sdk/imt_sdk_win_64/winavr/bin/../lib/gcc/avr/4.3.3/avr5\libgcc.a(_addsub_sf.o)
                0x00000382                __subsf3
                0x000003e4                __addsf3
 .text          0x0000043e      0x1f4 g:/carear1/01_embadded/0_imt/usb/00-tools/03-imt sdk/03- imt sdk/imt_sdk_win_64/winavr/bin/../lib/gcc/avr/4.3.3/avr5\libgcc.a(_mul_sf.o)
                0x0000043e                __mulsf3
 .text          0x00000632       0x60 g:/carear1/01_embadded/0_imt/usb/00-tools/03-imt sdk/03- imt sdk/imt_sdk_win_64/winavr/bin/../lib/gcc/avr/4.3.3/avr5\libgcc.a(_gt_sf.o)
                0x00000632                __gtsf2
 .text          0x00000692       0x60 g:/carear1/01_embadded/0_imt/usb/00-tools/03-imt sdk/03- imt sdk/imt_sdk_win_64/winavr/bin/../lib/gcc/avr/4.3.3/avr5\libgcc.a(_ge_sf.o)
                0x00000692                __gesf2
 .text          0x000006f2       0x60 g:/carear1/01_embadded/0_imt/usb/00-tools/03-imt sdk/03- imt sdk/imt_sdk_win_64/winavr/bin/../lib/gcc/avr/4.3.3/avr5\libgcc.a(_lt_sf.o)
                0x000006f2                __ltsf2
 .text          0x00000752       0xa8 g:/carear1/01_embadded/0_imt/usb/00-tools/03-imt sdk/03- imt sdk/imt_sdk_win_64/winavr/bin/../lib/gcc/avr/4.3.3/avr5\libgcc.a(_sf_to_si.o)
                0x00000752                __fixsfsi
 .text          0x000007fa        0x0 g:/carear1/01_embadded/0_imt/usb/00-tools/03-imt sdk/03- imt sdk/imt_sdk_win_64/winavr/bin/../lib/gcc/avr/4.3.3/avr5\libgcc.a(_thenan_sf.o)
 .text          0x000007fa        0x0 g:/carear1/01_embadded/0_imt/usb/00-tools/03-imt sdk/03- imt sdk/imt_sdk_win_64/winavr/bin/../lib/gcc/avr/4.3.3/avr5\libgcc.a(_prologue.o)
 .text          0x000007fa        0x0 g:/carear1/01_embadded/0_imt/usb/00-tools/03-imt sdk/03- imt sdk/imt_sdk_win_64/winavr/bin/../lib/gcc/avr/4.3.3/avr5\libgcc.a(_epilogue.o)
 .text          0x000007fa      0x1aa g:/carear1/01_embadded/0_imt/usb/00-tools/03-imt sdk/03- imt sdk/imt_sdk_win_64/winavr/bin/../lib/gcc/avr/4.3.3/avr5\libgcc.a(_pack_sf.o)
                0x000007fa                __pack_f
 .text          0x000009a4       0xf0 g:/carear1/01_embadded/0_imt/usb/00-tools/03-imt sdk/03- imt sdk/imt_sdk_win_64/winavr/bin/../lib/gcc/avr/4.3.3/avr5\libgcc.a(_unpack_sf.o)
                0x000009a4                __unpack_f
 .text          0x00000a94       0xb2 g:/carear1/01_embadded/0_imt/usb/00-tools/03-imt sdk/03- imt sdk/imt_sdk_win_64/winavr/bin/../lib/gcc/avr/4.3.3/avr5\libgcc.a(_fpcmp_parts_sf.o)
                0x00000a94                __fpcmp_parts_f
                0x00000b46                . = ALIGN (0x2)
 *(.text.*)
 .text.UART_voidInitUART
                0x00000b46       0x7e ./03_MCAL/UART_Driver/UART_Program.o
                0x00000b46                UART_voidInitUART
 .text.UART_voidSendData
                0x00000bc4       0x34 ./03_MCAL/UART_Driver/UART_Program.o
                0x00000bc4                UART_voidSendData
 .text.UART_U8ReceiveData
                0x00000bf8       0x1e ./03_MCAL/UART_Driver/UART_Program.o
                0x00000bf8                UART_U8ReceiveData
 .text.UART_VoidSendString
                0x00000c16       0x56 ./03_MCAL/UART_Driver/UART_Program.o
                0x00000c16                UART_VoidSendString
 .text.UART_u8SetRXCallBack
                0x00000c6c       0x2c ./03_MCAL/UART_Driver/UART_Program.o
                0x00000c6c                UART_u8SetRXCallBack
 .text.__vector_13
                0x00000c98       0x66 ./03_MCAL/UART_Driver/UART_Program.o
                0x00000c98                __vector_13
 .text.PORT_VoidInit
                0x00000cfe       0x48 ./03_MCAL/PORT_Driver/PORT_Program.o
                0x00000cfe                PORT_VoidInit
 .text.GIE_VoidEnable
                0x00000d46       0x1c ./03_MCAL/GIE_Driver/GIE_Program.o
                0x00000d46                GIE_VoidEnable
 .text.GIE_VoidDisable
                0x00000d62       0x1c ./03_MCAL/GIE_Driver/GIE_Program.o
                0x00000d62                GIE_VoidDisable
 .text.EXTI_VoidINT0Init
                0x00000d7e       0x2a ./03_MCAL/EXTI_Driver/EXTI_Program.o
                0x00000d7e                EXTI_VoidINT0Init
 .text.EXTI_VoidINT1Init
                0x00000da8       0x2a ./03_MCAL/EXTI_Driver/EXTI_Program.o
                0x00000da8                EXTI_VoidINT1Init
 .text.EXTI_VoidINT2Init
                0x00000dd2       0x2a ./03_MCAL/EXTI_Driver/EXTI_Program.o
                0x00000dd2                EXTI_VoidINT2Init
 .text.EXTI_VoidINT0Enable
                0x00000dfc       0x1c ./03_MCAL/EXTI_Driver/EXTI_Program.o
                0x00000dfc                EXTI_VoidINT0Enable
 .text.EXTI_VoidINT1Enable
                0x00000e18       0x1c ./03_MCAL/EXTI_Driver/EXTI_Program.o
                0x00000e18                EXTI_VoidINT1Enable
 .text.EXTI_VoidINT2Enable
                0x00000e34       0x1c ./03_MCAL/EXTI_Driver/EXTI_Program.o
                0x00000e34                EXTI_VoidINT2Enable
 .text.EXTI_VoidINT0Disable
                0x00000e50       0x1c ./03_MCAL/EXTI_Driver/EXTI_Program.o
                0x00000e50                EXTI_VoidINT0Disable
 .text.EXTI_VoidINT1Disable
                0x00000e6c       0x1c ./03_MCAL/EXTI_Driver/EXTI_Program.o
                0x00000e6c                EXTI_VoidINT1Disable
 .text.EXTI_VoidINT2Disable
                0x00000e88       0x1c ./03_MCAL/EXTI_Driver/EXTI_Program.o
                0x00000e88                EXTI_VoidINT2Disable
 .text.__vector_1
                0x00000ea4       0x20 ./03_MCAL/EXTI_Driver/EXTI_Program.o
                0x00000ea4                __vector_1
 .text.DIO_VoidSetPinDirection
                0x00000ec4      0x1c0 ./03_MCAL/DIO_Driver/DIO_Program.o
                0x00000ec4                DIO_VoidSetPinDirection
 .text.DIO_VoidSetPinValue
                0x00001084      0x200 ./03_MCAL/DIO_Driver/DIO_Program.o
                0x00001084                DIO_VoidSetPinValue
 .text.DIO_VoidSetPortDirection
                0x00001284       0x82 ./03_MCAL/DIO_Driver/DIO_Program.o
                0x00001284                DIO_VoidSetPortDirection
 .text.DIO_VoidSetPortValue
                0x00001306       0x82 ./03_MCAL/DIO_Driver/DIO_Program.o
                0x00001306                DIO_VoidSetPortValue
 .text.DIO_VoidTogglePin
                0x00001388       0xfa ./03_MCAL/DIO_Driver/DIO_Program.o
                0x00001388                DIO_VoidTogglePin
 .text.DIO_U8GetPinValue
                0x00001482       0xf2 ./03_MCAL/DIO_Driver/DIO_Program.o
                0x00001482                DIO_U8GetPinValue
 .text.LCD_voidWriteCommand
                0x00001574      0x15c ./02_HAL/LCD/LCD_Program.o
 .text.LCD_voidWriteData
                0x000016d0      0x15c ./02_HAL/LCD/LCD_Program.o
 .text.LCD_voidInitializeLCD
                0x0000182c      0x5be ./02_HAL/LCD/LCD_Program.o
                0x0000182c                LCD_voidInitializeLCD
 .text.LCD_voidClearLCD
                0x00001dea       0x14 ./02_HAL/LCD/LCD_Program.o
                0x00001dea                LCD_voidClearLCD
 .text.LCD_voidReturnHome
                0x00001dfe       0x14 ./02_HAL/LCD/LCD_Program.o
                0x00001dfe                LCD_voidReturnHome
 .text.LCD_voidSelectLine
                0x00001e12       0x48 ./02_HAL/LCD/LCD_Program.o
                0x00001e12                LCD_voidSelectLine
 .text.LCD_voidSetCursorPosition
                0x00001e5a       0x50 ./02_HAL/LCD/LCD_Program.o
                0x00001e5a                LCD_voidSetCursorPosition
 .text.LCD_voidDisplayChar
                0x00001eaa       0x2a ./02_HAL/LCD/LCD_Program.o
                0x00001eaa                LCD_voidDisplayChar
 .text.LCD_voidDisplayString
                0x00001ed4       0x52 ./02_HAL/LCD/LCD_Program.o
                0x00001ed4                LCD_voidDisplayString
 .text.LCD_voidShiftRight
                0x00001f26       0x14 ./02_HAL/LCD/LCD_Program.o
                0x00001f26                LCD_voidShiftRight
 .text.LCD_voidShiftLeft
                0x00001f3a       0x14 ./02_HAL/LCD/LCD_Program.o
                0x00001f3a                LCD_voidShiftLeft
 .text.LCD_voidCursorShiftRight
                0x00001f4e       0x2e ./02_HAL/LCD/LCD_Program.o
                0x00001f4e                LCD_voidCursorShiftRight
 .text.LCD_voidCursorShiftLeft
                0x00001f7c       0x2e ./02_HAL/LCD/LCD_Program.o
                0x00001f7c                LCD_voidCursorShiftLeft
 .text.LCD_voidCursorDisplayOnOff
                0x00001faa       0x38 ./02_HAL/LCD/LCD_Program.o
                0x00001faa                LCD_voidCursorDisplayOnOff
 .text.LCD_voidCursorBlinkOnOff
                0x00001fe2       0x38 ./02_HAL/LCD/LCD_Program.o
                0x00001fe2                LCD_voidCursorBlinkOnOff
 .text.LCD_voidScreenDisplayOnOff
                0x0000201a       0x38 ./02_HAL/LCD/LCD_Program.o
                0x0000201a                LCD_voidScreenDisplayOnOff
 .text.LCD_voidDisplayCustomChar
                0x00002052       0x20 ./02_HAL/LCD/LCD_Program.o
                0x00002052                LCD_voidDisplayCustomChar
 .text.KPAD_voidInitializeKeypad
                0x00002072       0x6a ./02_HAL/KeyPad/KPAD_Program.o
                0x00002072                KPAD_voidInitializeKeypad
 .text.KPAD_u8GetPressedKey
                0x000020dc       0xda ./02_HAL/KeyPad/KPAD_Program.o
                0x000020dc                KPAD_u8GetPressedKey
 .text.H7SEG_VoidInit
                0x000021b6       0x1c ./02_HAL/7Segment/H7SEG_Program.o
                0x000021b6                H7SEG_VoidInit
 .text.H7SEG_VoidDisplayNumber
                0x000021d2       0x2e ./02_HAL/7Segment/H7SEG_Program.o
                0x000021d2                H7SEG_VoidDisplayNumber
 .text.main     0x00002200       0x2e ./01_APP/main.o
                0x00002200                main
 .text.libgcc   0x0000222e        0x0 g:/carear1/01_embadded/0_imt/usb/00-tools/03-imt sdk/03- imt sdk/imt_sdk_win_64/winavr/bin/../lib/gcc/avr/4.3.3/avr5\libgcc.a(_exit.o)
 .text.libgcc   0x0000222e        0x0 g:/carear1/01_embadded/0_imt/usb/00-tools/03-imt sdk/03- imt sdk/imt_sdk_win_64/winavr/bin/../lib/gcc/avr/4.3.3/avr5\libgcc.a(_copy_data.o)
 .text.libgcc   0x0000222e        0x0 g:/carear1/01_embadded/0_imt/usb/00-tools/03-imt sdk/03- imt sdk/imt_sdk_win_64/winavr/bin/../lib/gcc/avr/4.3.3/avr5\libgcc.a(_clear_bss.o)
 .text.libgcc   0x0000222e       0x38 g:/carear1/01_embadded/0_imt/usb/00-tools/03-imt sdk/03- imt sdk/imt_sdk_win_64/winavr/bin/../lib/gcc/avr/4.3.3/avr5\libgcc.a(_prologue.o)
                0x0000222e                __prologue_saves__
 .text.libgcc   0x00002266       0x36 g:/carear1/01_embadded/0_imt/usb/00-tools/03-imt sdk/03- imt sdk/imt_sdk_win_64/winavr/bin/../lib/gcc/avr/4.3.3/avr5\libgcc.a(_epilogue.o)
                0x00002266                __epilogue_restores__
                0x0000229c                . = ALIGN (0x2)
 *(.fini9)
 .fini9         0x0000229c        0x0 g:/carear1/01_embadded/0_imt/usb/00-tools/03-imt sdk/03- imt sdk/imt_sdk_win_64/winavr/bin/../lib/gcc/avr/4.3.3/avr5\libgcc.a(_exit.o)
                0x0000229c                exit
                0x0000229c                _exit
 *(.fini9)
 *(.fini8)
 *(.fini8)
 *(.fini7)
 *(.fini7)
 *(.fini6)
 *(.fini6)
 *(.fini5)
 *(.fini5)
 *(.fini4)
 *(.fini4)
 *(.fini3)
 *(.fini3)
 *(.fini2)
 *(.fini2)
 *(.fini1)
 *(.fini1)
 *(.fini0)
 .fini0         0x0000229c        0x4 g:/carear1/01_embadded/0_imt/usb/00-tools/03-imt sdk/03- imt sdk/imt_sdk_win_64/winavr/bin/../lib/gcc/avr/4.3.3/avr5\libgcc.a(_exit.o)
 *(.fini0)
                0x000022a0                _etext = .

.data           0x00800060       0x74 load address 0x000022a0
                0x00800060                PROVIDE (__data_start, .)
 *(.data)
 .data          0x00800060        0x0 g:/carear1/01_embadded/0_imt/usb/00-tools/03-imt sdk/03- imt sdk/imt_sdk_win_64/winavr/bin/../lib/gcc/avr/4.3.3/../../../../avr/lib/avr5/crtm32.o
 .data          0x00800060        0x0 ./03_MCAL/UART_Driver/UART_Program.o
 .data          0x00800060        0x0 ./03_MCAL/PORT_Driver/PORT_Program.o
 .data          0x00800060        0x0 ./03_MCAL/GIE_Driver/GIE_Program.o
 .data          0x00800060        0x0 ./03_MCAL/EXTI_Driver/EXTI_Program.o
 .data          0x00800060        0x0 ./03_MCAL/DIO_Driver/DIO_Program.o
 .data          0x00800060        0x0 ./02_HAL/LCD/LCD_Program.o
 .data          0x00800060        0x0 ./02_HAL/KeyPad/KPAD_Program.o
 .data          0x00800060        0x0 ./02_HAL/7Segment/H7SEG_Program.o
 .data          0x00800060        0x7 ./01_APP/main.o
 .data          0x00800067        0x0 g:/carear1/01_embadded/0_imt/usb/00-tools/03-imt sdk/03- imt sdk/imt_sdk_win_64/winavr/bin/../lib/gcc/avr/4.3.3/avr5\libgcc.a(_exit.o)
 .data          0x00800067        0x0 g:/carear1/01_embadded/0_imt/usb/00-tools/03-imt sdk/03- imt sdk/imt_sdk_win_64/winavr/bin/../lib/gcc/avr/4.3.3/avr5\libgcc.a(_copy_data.o)
 .data          0x00800067        0x0 g:/carear1/01_embadded/0_imt/usb/00-tools/03-imt sdk/03- imt sdk/imt_sdk_win_64/winavr/bin/../lib/gcc/avr/4.3.3/avr5\libgcc.a(_clear_bss.o)
 .data          0x00800067        0x0 g:/carear1/01_embadded/0_imt/usb/00-tools/03-imt sdk/03- imt sdk/imt_sdk_win_64/winavr/bin/../lib/gcc/avr/4.3.3/avr5\libgcc.a(_fixunssfsi.o)
 .data          0x00800067        0x0 g:/carear1/01_embadded/0_imt/usb/00-tools/03-imt sdk/03- imt sdk/imt_sdk_win_64/winavr/bin/../lib/gcc/avr/4.3.3/avr5\libgcc.a(_addsub_sf.o)
 .data          0x00800067        0x0 g:/carear1/01_embadded/0_imt/usb/00-tools/03-imt sdk/03- imt sdk/imt_sdk_win_64/winavr/bin/../lib/gcc/avr/4.3.3/avr5\libgcc.a(_mul_sf.o)
 .data          0x00800067        0x0 g:/carear1/01_embadded/0_imt/usb/00-tools/03-imt sdk/03- imt sdk/imt_sdk_win_64/winavr/bin/../lib/gcc/avr/4.3.3/avr5\libgcc.a(_gt_sf.o)
 .data          0x00800067        0x0 g:/carear1/01_embadded/0_imt/usb/00-tools/03-imt sdk/03- imt sdk/imt_sdk_win_64/winavr/bin/../lib/gcc/avr/4.3.3/avr5\libgcc.a(_ge_sf.o)
 .data          0x00800067        0x0 g:/carear1/01_embadded/0_imt/usb/00-tools/03-imt sdk/03- imt sdk/imt_sdk_win_64/winavr/bin/../lib/gcc/avr/4.3.3/avr5\libgcc.a(_lt_sf.o)
 .data          0x00800067        0x0 g:/carear1/01_embadded/0_imt/usb/00-tools/03-imt sdk/03- imt sdk/imt_sdk_win_64/winavr/bin/../lib/gcc/avr/4.3.3/avr5\libgcc.a(_sf_to_si.o)
 .data          0x00800067        0x8 g:/carear1/01_embadded/0_imt/usb/00-tools/03-imt sdk/03- imt sdk/imt_sdk_win_64/winavr/bin/../lib/gcc/avr/4.3.3/avr5\libgcc.a(_thenan_sf.o)
                0x00800067                __thenan_sf
 .data          0x0080006f        0x0 g:/carear1/01_embadded/0_imt/usb/00-tools/03-imt sdk/03- imt sdk/imt_sdk_win_64/winavr/bin/../lib/gcc/avr/4.3.3/avr5\libgcc.a(_prologue.o)
 .data          0x0080006f        0x0 g:/carear1/01_embadded/0_imt/usb/00-tools/03-imt sdk/03- imt sdk/imt_sdk_win_64/winavr/bin/../lib/gcc/avr/4.3.3/avr5\libgcc.a(_epilogue.o)
 .data          0x0080006f        0x0 g:/carear1/01_embadded/0_imt/usb/00-tools/03-imt sdk/03- imt sdk/imt_sdk_win_64/winavr/bin/../lib/gcc/avr/4.3.3/avr5\libgcc.a(_pack_sf.o)
 .data          0x0080006f        0x0 g:/carear1/01_embadded/0_imt/usb/00-tools/03-imt sdk/03- imt sdk/imt_sdk_win_64/winavr/bin/../lib/gcc/avr/4.3.3/avr5\libgcc.a(_unpack_sf.o)
 .data          0x0080006f        0x0 g:/carear1/01_embadded/0_imt/usb/00-tools/03-imt sdk/03- imt sdk/imt_sdk_win_64/winavr/bin/../lib/gcc/avr/4.3.3/avr5\libgcc.a(_fpcmp_parts_sf.o)
 *(.data*)
 .data.DisplayAndCursorCommand
                0x0080006f        0x1 ./02_HAL/LCD/LCD_Program.o
                0x0080006f                DisplayAndCursorCommand
 .data.FontSizeAndLineCommand
                0x00800070        0x1 ./02_HAL/LCD/LCD_Program.o
                0x00800070                FontSizeAndLineCommand
 .data.KPAD_u8ColumnArray
                0x00800071        0x4 ./02_HAL/KeyPad/KPAD_Program.o
                0x00800071                KPAD_u8ColumnArray
 .data.KPAD_u8RowArray
                0x00800075        0x4 ./02_HAL/KeyPad/KPAD_Program.o
                0x00800075                KPAD_u8RowArray
 *(.rodata)
 *(.rodata*)
 .rodata.LCD_u8CustomCharArray
                0x00800079       0x40 ./02_HAL/LCD/LCD_Program.o
                0x00800079                LCD_u8CustomCharArray
 .rodata.KeyPadArr
                0x008000b9       0x10 ./02_HAL/KeyPad/KPAD_Program.o
                0x008000b9                KeyPadArr
 .rodata.H7SEG_u8SevenSegArray
                0x008000c9        0xa ./02_HAL/7Segment/H7SEG_Program.o
                0x008000c9                H7SEG_u8SevenSegArray
 *(.gnu.linkonce.d*)
                0x008000d4                . = ALIGN (0x2)
 *fill*         0x008000d3        0x1 00
                0x008000d4                _edata = .
                0x008000d4                PROVIDE (__data_end, .)

.bss            0x008000d4        0x2
                0x008000d4                PROVIDE (__bss_start, .)
 *(.bss)
 .bss           0x008000d4        0x0 g:/carear1/01_embadded/0_imt/usb/00-tools/03-imt sdk/03- imt sdk/imt_sdk_win_64/winavr/bin/../lib/gcc/avr/4.3.3/../../../../avr/lib/avr5/crtm32.o
 .bss           0x008000d4        0x0 ./03_MCAL/UART_Driver/UART_Program.o
 .bss           0x008000d4        0x0 ./03_MCAL/PORT_Driver/PORT_Program.o
 .bss           0x008000d4        0x0 ./03_MCAL/GIE_Driver/GIE_Program.o
 .bss           0x008000d4        0x0 ./03_MCAL/EXTI_Driver/EXTI_Program.o
 .bss           0x008000d4        0x0 ./03_MCAL/DIO_Driver/DIO_Program.o
 .bss           0x008000d4        0x0 ./02_HAL/LCD/LCD_Program.o
 .bss           0x008000d4        0x0 ./02_HAL/KeyPad/KPAD_Program.o
 .bss           0x008000d4        0x0 ./02_HAL/7Segment/H7SEG_Program.o
 .bss           0x008000d4        0x0 ./01_APP/main.o
 .bss           0x008000d4        0x0 g:/carear1/01_embadded/0_imt/usb/00-tools/03-imt sdk/03- imt sdk/imt_sdk_win_64/winavr/bin/../lib/gcc/avr/4.3.3/avr5\libgcc.a(_exit.o)
 .bss           0x008000d4        0x0 g:/carear1/01_embadded/0_imt/usb/00-tools/03-imt sdk/03- imt sdk/imt_sdk_win_64/winavr/bin/../lib/gcc/avr/4.3.3/avr5\libgcc.a(_copy_data.o)
 .bss           0x008000d4        0x0 g:/carear1/01_embadded/0_imt/usb/00-tools/03-imt sdk/03- imt sdk/imt_sdk_win_64/winavr/bin/../lib/gcc/avr/4.3.3/avr5\libgcc.a(_clear_bss.o)
 .bss           0x008000d4        0x0 g:/carear1/01_embadded/0_imt/usb/00-tools/03-imt sdk/03- imt sdk/imt_sdk_win_64/winavr/bin/../lib/gcc/avr/4.3.3/avr5\libgcc.a(_fixunssfsi.o)
 .bss           0x008000d4        0x0 g:/carear1/01_embadded/0_imt/usb/00-tools/03-imt sdk/03- imt sdk/imt_sdk_win_64/winavr/bin/../lib/gcc/avr/4.3.3/avr5\libgcc.a(_addsub_sf.o)
 .bss           0x008000d4        0x0 g:/carear1/01_embadded/0_imt/usb/00-tools/03-imt sdk/03- imt sdk/imt_sdk_win_64/winavr/bin/../lib/gcc/avr/4.3.3/avr5\libgcc.a(_mul_sf.o)
 .bss           0x008000d4        0x0 g:/carear1/01_embadded/0_imt/usb/00-tools/03-imt sdk/03- imt sdk/imt_sdk_win_64/winavr/bin/../lib/gcc/avr/4.3.3/avr5\libgcc.a(_gt_sf.o)
 .bss           0x008000d4        0x0 g:/carear1/01_embadded/0_imt/usb/00-tools/03-imt sdk/03- imt sdk/imt_sdk_win_64/winavr/bin/../lib/gcc/avr/4.3.3/avr5\libgcc.a(_ge_sf.o)
 .bss           0x008000d4        0x0 g:/carear1/01_embadded/0_imt/usb/00-tools/03-imt sdk/03- imt sdk/imt_sdk_win_64/winavr/bin/../lib/gcc/avr/4.3.3/avr5\libgcc.a(_lt_sf.o)
 .bss           0x008000d4        0x0 g:/carear1/01_embadded/0_imt/usb/00-tools/03-imt sdk/03- imt sdk/imt_sdk_win_64/winavr/bin/../lib/gcc/avr/4.3.3/avr5\libgcc.a(_sf_to_si.o)
 .bss           0x008000d4        0x0 g:/carear1/01_embadded/0_imt/usb/00-tools/03-imt sdk/03- imt sdk/imt_sdk_win_64/winavr/bin/../lib/gcc/avr/4.3.3/avr5\libgcc.a(_thenan_sf.o)
 .bss           0x008000d4        0x0 g:/carear1/01_embadded/0_imt/usb/00-tools/03-imt sdk/03- imt sdk/imt_sdk_win_64/winavr/bin/../lib/gcc/avr/4.3.3/avr5\libgcc.a(_prologue.o)
 .bss           0x008000d4        0x0 g:/carear1/01_embadded/0_imt/usb/00-tools/03-imt sdk/03- imt sdk/imt_sdk_win_64/winavr/bin/../lib/gcc/avr/4.3.3/avr5\libgcc.a(_epilogue.o)
 .bss           0x008000d4        0x0 g:/carear1/01_embadded/0_imt/usb/00-tools/03-imt sdk/03- imt sdk/imt_sdk_win_64/winavr/bin/../lib/gcc/avr/4.3.3/avr5\libgcc.a(_pack_sf.o)
 .bss           0x008000d4        0x0 g:/carear1/01_embadded/0_imt/usb/00-tools/03-imt sdk/03- imt sdk/imt_sdk_win_64/winavr/bin/../lib/gcc/avr/4.3.3/avr5\libgcc.a(_unpack_sf.o)
 .bss           0x008000d4        0x0 g:/carear1/01_embadded/0_imt/usb/00-tools/03-imt sdk/03- imt sdk/imt_sdk_win_64/winavr/bin/../lib/gcc/avr/4.3.3/avr5\libgcc.a(_fpcmp_parts_sf.o)
 *(.bss*)
 .bss.UART_RXCallBackOVFunc
                0x008000d4        0x2 ./03_MCAL/UART_Driver/UART_Program.o
 *(COMMON)
                0x008000d6                PROVIDE (__bss_end, .)
                0x000022a0                __data_load_start = LOADADDR (.data)
                0x00002314                __data_load_end = (__data_load_start + SIZEOF (.data))

.noinit         0x008000d6        0x0
                0x008000d6                PROVIDE (__noinit_start, .)
 *(.noinit*)
                0x008000d6                PROVIDE (__noinit_end, .)
                0x008000d6                _end = .
                0x008000d6                PROVIDE (__heap_start, .)

.eeprom         0x00810000        0x0
 *(.eeprom*)
                0x00810000                __eeprom_end = .

.fuse
 *(.fuse)
 *(.lfuse)
 *(.hfuse)
 *(.efuse)

.lock
 *(.lock*)

.signature
 *(.signature*)

.stab           0x00000000     0x26d0
 *(.stab)
 .stab          0x00000000      0x408 ./03_MCAL/UART_Driver/UART_Program.o
 .stab          0x00000408      0x1f8 ./03_MCAL/PORT_Driver/PORT_Program.o
                                0x204 (size before relaxing)
 .stab          0x00000600      0x1d4 ./03_MCAL/GIE_Driver/GIE_Program.o
                                0x1e0 (size before relaxing)
 .stab          0x000007d4      0x36c ./03_MCAL/EXTI_Driver/EXTI_Program.o
                                0x378 (size before relaxing)
 .stab          0x00000b40      0x528 ./03_MCAL/DIO_Driver/DIO_Program.o
                                0x534 (size before relaxing)
 .stab          0x00001068      0xef4 ./02_HAL/LCD/LCD_Program.o
                                0xf00 (size before relaxing)
 .stab          0x00001f5c      0x36c ./02_HAL/KeyPad/KPAD_Program.o
                                0x510 (size before relaxing)
 .stab          0x000022c8      0x204 ./02_HAL/7Segment/H7SEG_Program.o
                                0x210 (size before relaxing)
 .stab          0x000024cc      0x204 ./01_APP/main.o
                                0x3a8 (size before relaxing)

.stabstr        0x00000000     0x1354
 *(.stabstr)
 .stabstr       0x00000000     0x1354 ./03_MCAL/UART_Driver/UART_Program.o

.stab.excl
 *(.stab.excl)

.stab.exclstr
 *(.stab.exclstr)

.stab.index
 *(.stab.index)

.stab.indexstr
 *(.stab.indexstr)

.comment
 *(.comment)

.debug
 *(.debug)

.line
 *(.line)

.debug_srcinfo
 *(.debug_srcinfo)

.debug_sfnames
 *(.debug_sfnames)

.debug_aranges  0x00000000      0x140
 *(.debug_aranges)
 .debug_aranges
                0x00000000       0x20 g:/carear1/01_embadded/0_imt/usb/00-tools/03-imt sdk/03- imt sdk/imt_sdk_win_64/winavr/bin/../lib/gcc/avr/4.3.3/avr5\libgcc.a(_fixunssfsi.o)
 .debug_aranges
                0x00000020       0x20 g:/carear1/01_embadded/0_imt/usb/00-tools/03-imt sdk/03- imt sdk/imt_sdk_win_64/winavr/bin/../lib/gcc/avr/4.3.3/avr5\libgcc.a(_addsub_sf.o)
 .debug_aranges
                0x00000040       0x20 g:/carear1/01_embadded/0_imt/usb/00-tools/03-imt sdk/03- imt sdk/imt_sdk_win_64/winavr/bin/../lib/gcc/avr/4.3.3/avr5\libgcc.a(_mul_sf.o)
 .debug_aranges
                0x00000060       0x20 g:/carear1/01_embadded/0_imt/usb/00-tools/03-imt sdk/03- imt sdk/imt_sdk_win_64/winavr/bin/../lib/gcc/avr/4.3.3/avr5\libgcc.a(_gt_sf.o)
 .debug_aranges
                0x00000080       0x20 g:/carear1/01_embadded/0_imt/usb/00-tools/03-imt sdk/03- imt sdk/imt_sdk_win_64/winavr/bin/../lib/gcc/avr/4.3.3/avr5\libgcc.a(_ge_sf.o)
 .debug_aranges
                0x000000a0       0x20 g:/carear1/01_embadded/0_imt/usb/00-tools/03-imt sdk/03- imt sdk/imt_sdk_win_64/winavr/bin/../lib/gcc/avr/4.3.3/avr5\libgcc.a(_lt_sf.o)
 .debug_aranges
                0x000000c0       0x20 g:/carear1/01_embadded/0_imt/usb/00-tools/03-imt sdk/03- imt sdk/imt_sdk_win_64/winavr/bin/../lib/gcc/avr/4.3.3/avr5\libgcc.a(_sf_to_si.o)
 .debug_aranges
                0x000000e0       0x20 g:/carear1/01_embadded/0_imt/usb/00-tools/03-imt sdk/03- imt sdk/imt_sdk_win_64/winavr/bin/../lib/gcc/avr/4.3.3/avr5\libgcc.a(_pack_sf.o)
 .debug_aranges
                0x00000100       0x20 g:/carear1/01_embadded/0_imt/usb/00-tools/03-imt sdk/03- imt sdk/imt_sdk_win_64/winavr/bin/../lib/gcc/avr/4.3.3/avr5\libgcc.a(_unpack_sf.o)
 .debug_aranges
                0x00000120       0x20 g:/carear1/01_embadded/0_imt/usb/00-tools/03-imt sdk/03- imt sdk/imt_sdk_win_64/winavr/bin/../lib/gcc/avr/4.3.3/avr5\libgcc.a(_fpcmp_parts_sf.o)

.debug_pubnames
                0x00000000      0x170
 *(.debug_pubnames)
 .debug_pubnames
                0x00000000       0x23 g:/carear1/01_embadded/0_imt/usb/00-tools/03-imt sdk/03- imt sdk/imt_sdk_win_64/winavr/bin/../lib/gcc/avr/4.3.3/avr5\libgcc.a(_fixunssfsi.o)
 .debug_pubnames
                0x00000023       0x2c g:/carear1/01_embadded/0_imt/usb/00-tools/03-imt sdk/03- imt sdk/imt_sdk_win_64/winavr/bin/../lib/gcc/avr/4.3.3/avr5\libgcc.a(_addsub_sf.o)
 .debug_pubnames
                0x0000004f       0x1f g:/carear1/01_embadded/0_imt/usb/00-tools/03-imt sdk/03- imt sdk/imt_sdk_win_64/winavr/bin/../lib/gcc/avr/4.3.3/avr5\libgcc.a(_mul_sf.o)
 .debug_pubnames
                0x0000006e       0x1e g:/carear1/01_embadded/0_imt/usb/00-tools/03-imt sdk/03- imt sdk/imt_sdk_win_64/winavr/bin/../lib/gcc/avr/4.3.3/avr5\libgcc.a(_gt_sf.o)
 .debug_pubnames
                0x0000008c       0x1e g:/carear1/01_embadded/0_imt/usb/00-tools/03-imt sdk/03- imt sdk/imt_sdk_win_64/winavr/bin/../lib/gcc/avr/4.3.3/avr5\libgcc.a(_ge_sf.o)
 .debug_pubnames
                0x000000aa       0x1e g:/carear1/01_embadded/0_imt/usb/00-tools/03-imt sdk/03- imt sdk/imt_sdk_win_64/winavr/bin/../lib/gcc/avr/4.3.3/avr5\libgcc.a(_lt_sf.o)
 .debug_pubnames
                0x000000c8       0x20 g:/carear1/01_embadded/0_imt/usb/00-tools/03-imt sdk/03- imt sdk/imt_sdk_win_64/winavr/bin/../lib/gcc/avr/4.3.3/avr5\libgcc.a(_sf_to_si.o)
 .debug_pubnames
                0x000000e8       0x22 g:/carear1/01_embadded/0_imt/usb/00-tools/03-imt sdk/03- imt sdk/imt_sdk_win_64/winavr/bin/../lib/gcc/avr/4.3.3/avr5\libgcc.a(_thenan_sf.o)
 .debug_pubnames
                0x0000010a       0x1f g:/carear1/01_embadded/0_imt/usb/00-tools/03-imt sdk/03- imt sdk/imt_sdk_win_64/winavr/bin/../lib/gcc/avr/4.3.3/avr5\libgcc.a(_pack_sf.o)
 .debug_pubnames
                0x00000129       0x21 g:/carear1/01_embadded/0_imt/usb/00-tools/03-imt sdk/03- imt sdk/imt_sdk_win_64/winavr/bin/../lib/gcc/avr/4.3.3/avr5\libgcc.a(_unpack_sf.o)
 .debug_pubnames
                0x0000014a       0x26 g:/carear1/01_embadded/0_imt/usb/00-tools/03-imt sdk/03- imt sdk/imt_sdk_win_64/winavr/bin/../lib/gcc/avr/4.3.3/avr5\libgcc.a(_fpcmp_parts_sf.o)

.debug_info     0x00000000     0x1c49
 *(.debug_info)
 .debug_info    0x00000000       0xb1 g:/carear1/01_embadded/0_imt/usb/00-tools/03-imt sdk/03- imt sdk/imt_sdk_win_64/winavr/bin/../lib/gcc/avr/4.3.3/avr5\libgcc.a(_fixunssfsi.o)
 .debug_info    0x000000b1      0x47a g:/carear1/01_embadded/0_imt/usb/00-tools/03-imt sdk/03- imt sdk/imt_sdk_win_64/winavr/bin/../lib/gcc/avr/4.3.3/avr5\libgcc.a(_addsub_sf.o)
 .debug_info    0x0000052b      0x485 g:/carear1/01_embadded/0_imt/usb/00-tools/03-imt sdk/03- imt sdk/imt_sdk_win_64/winavr/bin/../lib/gcc/avr/4.3.3/avr5\libgcc.a(_mul_sf.o)
 .debug_info    0x000009b0      0x27f g:/carear1/01_embadded/0_imt/usb/00-tools/03-imt sdk/03- imt sdk/imt_sdk_win_64/winavr/bin/../lib/gcc/avr/4.3.3/avr5\libgcc.a(_gt_sf.o)
 .debug_info    0x00000c2f      0x27f g:/carear1/01_embadded/0_imt/usb/00-tools/03-imt sdk/03- imt sdk/imt_sdk_win_64/winavr/bin/../lib/gcc/avr/4.3.3/avr5\libgcc.a(_ge_sf.o)
 .debug_info    0x00000eae      0x27f g:/carear1/01_embadded/0_imt/usb/00-tools/03-imt sdk/03- imt sdk/imt_sdk_win_64/winavr/bin/../lib/gcc/avr/4.3.3/avr5\libgcc.a(_lt_sf.o)
 .debug_info    0x0000112d      0x2b0 g:/carear1/01_embadded/0_imt/usb/00-tools/03-imt sdk/03- imt sdk/imt_sdk_win_64/winavr/bin/../lib/gcc/avr/4.3.3/avr5\libgcc.a(_sf_to_si.o)
 .debug_info    0x000013dd      0x12c g:/carear1/01_embadded/0_imt/usb/00-tools/03-imt sdk/03- imt sdk/imt_sdk_win_64/winavr/bin/../lib/gcc/avr/4.3.3/avr5\libgcc.a(_thenan_sf.o)
 .debug_info    0x00001509      0x2df g:/carear1/01_embadded/0_imt/usb/00-tools/03-imt sdk/03- imt sdk/imt_sdk_win_64/winavr/bin/../lib/gcc/avr/4.3.3/avr5\libgcc.a(_pack_sf.o)
 .debug_info    0x000017e8      0x251 g:/carear1/01_embadded/0_imt/usb/00-tools/03-imt sdk/03- imt sdk/imt_sdk_win_64/winavr/bin/../lib/gcc/avr/4.3.3/avr5\libgcc.a(_unpack_sf.o)
 .debug_info    0x00001a39      0x210 g:/carear1/01_embadded/0_imt/usb/00-tools/03-imt sdk/03- imt sdk/imt_sdk_win_64/winavr/bin/../lib/gcc/avr/4.3.3/avr5\libgcc.a(_fpcmp_parts_sf.o)
 *(.gnu.linkonce.wi.*)

.debug_abbrev   0x00000000      0xeeb
 *(.debug_abbrev)
 .debug_abbrev  0x00000000       0x5d g:/carear1/01_embadded/0_imt/usb/00-tools/03-imt sdk/03- imt sdk/imt_sdk_win_64/winavr/bin/../lib/gcc/avr/4.3.3/avr5\libgcc.a(_fixunssfsi.o)
 .debug_abbrev  0x0000005d      0x1ea g:/carear1/01_embadded/0_imt/usb/00-tools/03-imt sdk/03- imt sdk/imt_sdk_win_64/winavr/bin/../lib/gcc/avr/4.3.3/avr5\libgcc.a(_addsub_sf.o)
 .debug_abbrev  0x00000247      0x21b g:/carear1/01_embadded/0_imt/usb/00-tools/03-imt sdk/03- imt sdk/imt_sdk_win_64/winavr/bin/../lib/gcc/avr/4.3.3/avr5\libgcc.a(_mul_sf.o)
 .debug_abbrev  0x00000462      0x15a g:/carear1/01_embadded/0_imt/usb/00-tools/03-imt sdk/03- imt sdk/imt_sdk_win_64/winavr/bin/../lib/gcc/avr/4.3.3/avr5\libgcc.a(_gt_sf.o)
 .debug_abbrev  0x000005bc      0x15a g:/carear1/01_embadded/0_imt/usb/00-tools/03-imt sdk/03- imt sdk/imt_sdk_win_64/winavr/bin/../lib/gcc/avr/4.3.3/avr5\libgcc.a(_ge_sf.o)
 .debug_abbrev  0x00000716      0x15a g:/carear1/01_embadded/0_imt/usb/00-tools/03-imt sdk/03- imt sdk/imt_sdk_win_64/winavr/bin/../lib/gcc/avr/4.3.3/avr5\libgcc.a(_lt_sf.o)
 .debug_abbrev  0x00000870      0x17f g:/carear1/01_embadded/0_imt/usb/00-tools/03-imt sdk/03- imt sdk/imt_sdk_win_64/winavr/bin/../lib/gcc/avr/4.3.3/avr5\libgcc.a(_sf_to_si.o)
 .debug_abbrev  0x000009ef       0xad g:/carear1/01_embadded/0_imt/usb/00-tools/03-imt sdk/03- imt sdk/imt_sdk_win_64/winavr/bin/../lib/gcc/avr/4.3.3/avr5\libgcc.a(_thenan_sf.o)
 .debug_abbrev  0x00000a9c      0x1c0 g:/carear1/01_embadded/0_imt/usb/00-tools/03-imt sdk/03- imt sdk/imt_sdk_win_64/winavr/bin/../lib/gcc/avr/4.3.3/avr5\libgcc.a(_pack_sf.o)
 .debug_abbrev  0x00000c5c      0x154 g:/carear1/01_embadded/0_imt/usb/00-tools/03-imt sdk/03- imt sdk/imt_sdk_win_64/winavr/bin/../lib/gcc/avr/4.3.3/avr5\libgcc.a(_unpack_sf.o)
 .debug_abbrev  0x00000db0      0x13b g:/carear1/01_embadded/0_imt/usb/00-tools/03-imt sdk/03- imt sdk/imt_sdk_win_64/winavr/bin/../lib/gcc/avr/4.3.3/avr5\libgcc.a(_fpcmp_parts_sf.o)

.debug_line     0x00000000      0xdad
 *(.debug_line)
 .debug_line    0x00000000       0xa7 g:/carear1/01_embadded/0_imt/usb/00-tools/03-imt sdk/03- imt sdk/imt_sdk_win_64/winavr/bin/../lib/gcc/avr/4.3.3/avr5\libgcc.a(_fixunssfsi.o)
 .debug_line    0x000000a7      0x2af g:/carear1/01_embadded/0_imt/usb/00-tools/03-imt sdk/03- imt sdk/imt_sdk_win_64/winavr/bin/../lib/gcc/avr/4.3.3/avr5\libgcc.a(_addsub_sf.o)
 .debug_line    0x00000356      0x239 g:/carear1/01_embadded/0_imt/usb/00-tools/03-imt sdk/03- imt sdk/imt_sdk_win_64/winavr/bin/../lib/gcc/avr/4.3.3/avr5\libgcc.a(_mul_sf.o)
 .debug_line    0x0000058f       0xd3 g:/carear1/01_embadded/0_imt/usb/00-tools/03-imt sdk/03- imt sdk/imt_sdk_win_64/winavr/bin/../lib/gcc/avr/4.3.3/avr5\libgcc.a(_gt_sf.o)
 .debug_line    0x00000662       0xd3 g:/carear1/01_embadded/0_imt/usb/00-tools/03-imt sdk/03- imt sdk/imt_sdk_win_64/winavr/bin/../lib/gcc/avr/4.3.3/avr5\libgcc.a(_ge_sf.o)
 .debug_line    0x00000735       0xd3 g:/carear1/01_embadded/0_imt/usb/00-tools/03-imt sdk/03- imt sdk/imt_sdk_win_64/winavr/bin/../lib/gcc/avr/4.3.3/avr5\libgcc.a(_lt_sf.o)
 .debug_line    0x00000808      0x109 g:/carear1/01_embadded/0_imt/usb/00-tools/03-imt sdk/03- imt sdk/imt_sdk_win_64/winavr/bin/../lib/gcc/avr/4.3.3/avr5\libgcc.a(_sf_to_si.o)
 .debug_line    0x00000911       0x90 g:/carear1/01_embadded/0_imt/usb/00-tools/03-imt sdk/03- imt sdk/imt_sdk_win_64/winavr/bin/../lib/gcc/avr/4.3.3/avr5\libgcc.a(_thenan_sf.o)
 .debug_line    0x000009a1      0x18a g:/carear1/01_embadded/0_imt/usb/00-tools/03-imt sdk/03- imt sdk/imt_sdk_win_64/winavr/bin/../lib/gcc/avr/4.3.3/avr5\libgcc.a(_pack_sf.o)
 .debug_line    0x00000b2b      0x14b g:/carear1/01_embadded/0_imt/usb/00-tools/03-imt sdk/03- imt sdk/imt_sdk_win_64/winavr/bin/../lib/gcc/avr/4.3.3/avr5\libgcc.a(_unpack_sf.o)
 .debug_line    0x00000c76      0x137 g:/carear1/01_embadded/0_imt/usb/00-tools/03-imt sdk/03- imt sdk/imt_sdk_win_64/winavr/bin/../lib/gcc/avr/4.3.3/avr5\libgcc.a(_fpcmp_parts_sf.o)

.debug_frame    0x00000000      0x160
 *(.debug_frame)
 .debug_frame   0x00000000       0x20 g:/carear1/01_embadded/0_imt/usb/00-tools/03-imt sdk/03- imt sdk/imt_sdk_win_64/winavr/bin/../lib/gcc/avr/4.3.3/avr5\libgcc.a(_fixunssfsi.o)
 .debug_frame   0x00000020       0x40 g:/carear1/01_embadded/0_imt/usb/00-tools/03-imt sdk/03- imt sdk/imt_sdk_win_64/winavr/bin/../lib/gcc/avr/4.3.3/avr5\libgcc.a(_addsub_sf.o)
 .debug_frame   0x00000060       0x20 g:/carear1/01_embadded/0_imt/usb/00-tools/03-imt sdk/03- imt sdk/imt_sdk_win_64/winavr/bin/../lib/gcc/avr/4.3.3/avr5\libgcc.a(_mul_sf.o)
 .debug_frame   0x00000080       0x20 g:/carear1/01_embadded/0_imt/usb/00-tools/03-imt sdk/03- imt sdk/imt_sdk_win_64/winavr/bin/../lib/gcc/avr/4.3.3/avr5\libgcc.a(_gt_sf.o)
 .debug_frame   0x000000a0       0x20 g:/carear1/01_embadded/0_imt/usb/00-tools/03-imt sdk/03- imt sdk/imt_sdk_win_64/winavr/bin/../lib/gcc/avr/4.3.3/avr5\libgcc.a(_ge_sf.o)
 .debug_frame   0x000000c0       0x20 g:/carear1/01_embadded/0_imt/usb/00-tools/03-imt sdk/03- imt sdk/imt_sdk_win_64/winavr/bin/../lib/gcc/avr/4.3.3/avr5\libgcc.a(_lt_sf.o)
 .debug_frame   0x000000e0       0x20 g:/carear1/01_embadded/0_imt/usb/00-tools/03-imt sdk/03- imt sdk/imt_sdk_win_64/winavr/bin/../lib/gcc/avr/4.3.3/avr5\libgcc.a(_sf_to_si.o)
 .debug_frame   0x00000100       0x20 g:/carear1/01_embadded/0_imt/usb/00-tools/03-imt sdk/03- imt sdk/imt_sdk_win_64/winavr/bin/../lib/gcc/avr/4.3.3/avr5\libgcc.a(_pack_sf.o)
 .debug_frame   0x00000120       0x20 g:/carear1/01_embadded/0_imt/usb/00-tools/03-imt sdk/03- imt sdk/imt_sdk_win_64/winavr/bin/../lib/gcc/avr/4.3.3/avr5\libgcc.a(_unpack_sf.o)
 .debug_frame   0x00000140       0x20 g:/carear1/01_embadded/0_imt/usb/00-tools/03-imt sdk/03- imt sdk/imt_sdk_win_64/winavr/bin/../lib/gcc/avr/4.3.3/avr5\libgcc.a(_fpcmp_parts_sf.o)

.debug_str      0x00000000      0x28d
 *(.debug_str)
 .debug_str     0x00000000       0xbf g:/carear1/01_embadded/0_imt/usb/00-tools/03-imt sdk/03- imt sdk/imt_sdk_win_64/winavr/bin/../lib/gcc/avr/4.3.3/avr5\libgcc.a(_fixunssfsi.o)
                                 0xfe (size before relaxing)
 .debug_str     0x000000bf      0x14d g:/carear1/01_embadded/0_imt/usb/00-tools/03-imt sdk/03- imt sdk/imt_sdk_win_64/winavr/bin/../lib/gcc/avr/4.3.3/avr5\libgcc.a(_addsub_sf.o)
                                0x206 (size before relaxing)
 .debug_str     0x0000020c       0x27 g:/carear1/01_embadded/0_imt/usb/00-tools/03-imt sdk/03- imt sdk/imt_sdk_win_64/winavr/bin/../lib/gcc/avr/4.3.3/avr5\libgcc.a(_mul_sf.o)
                                0x1bf (size before relaxing)
 .debug_str     0x00000233        0xf g:/carear1/01_embadded/0_imt/usb/00-tools/03-imt sdk/03- imt sdk/imt_sdk_win_64/winavr/bin/../lib/gcc/avr/4.3.3/avr5\libgcc.a(_gt_sf.o)
                                0x195 (size before relaxing)
 .debug_str     0x00000242        0x8 g:/carear1/01_embadded/0_imt/usb/00-tools/03-imt sdk/03- imt sdk/imt_sdk_win_64/winavr/bin/../lib/gcc/avr/4.3.3/avr5\libgcc.a(_ge_sf.o)
                                0x195 (size before relaxing)
 .debug_str     0x0000024a        0x8 g:/carear1/01_embadded/0_imt/usb/00-tools/03-imt sdk/03- imt sdk/imt_sdk_win_64/winavr/bin/../lib/gcc/avr/4.3.3/avr5\libgcc.a(_lt_sf.o)
                                0x195 (size before relaxing)
 .debug_str     0x00000252        0xa g:/carear1/01_embadded/0_imt/usb/00-tools/03-imt sdk/03- imt sdk/imt_sdk_win_64/winavr/bin/../lib/gcc/avr/4.3.3/avr5\libgcc.a(_sf_to_si.o)
                                0x19e (size before relaxing)
 .debug_str     0x00000000      0x103 g:/carear1/01_embadded/0_imt/usb/00-tools/03-imt sdk/03- imt sdk/imt_sdk_win_64/winavr/bin/../lib/gcc/avr/4.3.3/avr5\libgcc.a(_thenan_sf.o)
 .debug_str     0x0000025c       0x16 g:/carear1/01_embadded/0_imt/usb/00-tools/03-imt sdk/03- imt sdk/imt_sdk_win_64/winavr/bin/../lib/gcc/avr/4.3.3/avr5\libgcc.a(_pack_sf.o)
                                0x19d (size before relaxing)
 .debug_str     0x00000272        0xb g:/carear1/01_embadded/0_imt/usb/00-tools/03-imt sdk/03- imt sdk/imt_sdk_win_64/winavr/bin/../lib/gcc/avr/4.3.3/avr5\libgcc.a(_unpack_sf.o)
                                0x17f (size before relaxing)
 .debug_str     0x0000027d       0x10 g:/carear1/01_embadded/0_imt/usb/00-tools/03-imt sdk/03- imt sdk/imt_sdk_win_64/winavr/bin/../lib/gcc/avr/4.3.3/avr5\libgcc.a(_fpcmp_parts_sf.o)
                                0x163 (size before relaxing)

.debug_loc      0x00000000      0x7ce
 *(.debug_loc)
 .debug_loc     0x00000000       0x34 g:/carear1/01_embadded/0_imt/usb/00-tools/03-imt sdk/03- imt sdk/imt_sdk_win_64/winavr/bin/../lib/gcc/avr/4.3.3/avr5\libgcc.a(_fixunssfsi.o)
 .debug_loc     0x00000034      0x32a g:/carear1/01_embadded/0_imt/usb/00-tools/03-imt sdk/03- imt sdk/imt_sdk_win_64/winavr/bin/../lib/gcc/avr/4.3.3/avr5\libgcc.a(_addsub_sf.o)
 .debug_loc     0x0000035e      0x104 g:/carear1/01_embadded/0_imt/usb/00-tools/03-imt sdk/03- imt sdk/imt_sdk_win_64/winavr/bin/../lib/gcc/avr/4.3.3/avr5\libgcc.a(_mul_sf.o)
 .debug_loc     0x00000462       0x3c g:/carear1/01_embadded/0_imt/usb/00-tools/03-imt sdk/03- imt sdk/imt_sdk_win_64/winavr/bin/../lib/gcc/avr/4.3.3/avr5\libgcc.a(_gt_sf.o)
 .debug_loc     0x0000049e       0x3c g:/carear1/01_embadded/0_imt/usb/00-tools/03-imt sdk/03- imt sdk/imt_sdk_win_64/winavr/bin/../lib/gcc/avr/4.3.3/avr5\libgcc.a(_ge_sf.o)
 .debug_loc     0x000004da       0x3c g:/carear1/01_embadded/0_imt/usb/00-tools/03-imt sdk/03- imt sdk/imt_sdk_win_64/winavr/bin/../lib/gcc/avr/4.3.3/avr5\libgcc.a(_lt_sf.o)
 .debug_loc     0x00000516       0x7e g:/carear1/01_embadded/0_imt/usb/00-tools/03-imt sdk/03- imt sdk/imt_sdk_win_64/winavr/bin/../lib/gcc/avr/4.3.3/avr5\libgcc.a(_sf_to_si.o)
 .debug_loc     0x00000594      0x13e g:/carear1/01_embadded/0_imt/usb/00-tools/03-imt sdk/03- imt sdk/imt_sdk_win_64/winavr/bin/../lib/gcc/avr/4.3.3/avr5\libgcc.a(_pack_sf.o)
 .debug_loc     0x000006d2       0xac g:/carear1/01_embadded/0_imt/usb/00-tools/03-imt sdk/03- imt sdk/imt_sdk_win_64/winavr/bin/../lib/gcc/avr/4.3.3/avr5\libgcc.a(_unpack_sf.o)
 .debug_loc     0x0000077e       0x50 g:/carear1/01_embadded/0_imt/usb/00-tools/03-imt sdk/03- imt sdk/imt_sdk_win_64/winavr/bin/../lib/gcc/avr/4.3.3/avr5\libgcc.a(_fpcmp_parts_sf.o)

.debug_macinfo
 *(.debug_macinfo)
OUTPUT(IMT_PRJ.elf elf32-avr)
LOAD linker stubs

.debug_ranges   0x00000000       0x50
 .debug_ranges  0x00000000       0x50 g:/carear1/01_embadded/0_imt/usb/00-tools/03-imt sdk/03- imt sdk/imt_sdk_win_64/winavr/bin/../lib/gcc/avr/4.3.3/avr5\libgcc.a(_mul_sf.o)
